// Jest Snapshot v1, https://goo.gl/fbAQLP

exports[`SEO Page renders correctly 1`] = `<div />`;
