// Jest Snapshot v1, https://goo.gl/fbAQLP

exports[`gatsby-plugin-giffit base64 converts image to base64 1`] = `null`;

exports[`gatsby-plugin-giffit image quirks handles padding bytes correctly 1`] = `
Object {
  "hUnits": "px",
  "height": 1000,
  "mime": "image/jpeg",
  "type": "jpg",
  "wUnits": "px",
  "width": 746,
}
`;

exports[`gatsby-plugin-giffit tracedSVG runs on demand 1`] = `
Object {
  "aspectRatio": 1,
  "base64": undefined,
  "height": 100,
  "originalName": undefined,
  "src": "/static/1234/ce66d/test.png",
  "srcSet": "/static/1234/ce66d/test.png 1x",
  "width": 100,
}
`;
